
> my-v0-project@0.1.0 dev
> next dev

   ▲ Next.js 15.5.2
   - Local:        http://localhost:3000
   - Network:      http://10.219.4.212:3000
   - Environments: .env

 ✓ Starting...
 ✓ Ready in 2.1s
 ○ Compiling / ...
 ✓ Compiled / in 3.4s (1940 modules)
 GET / 200 in 4097ms
 GET / 200 in 109ms
 ○ Compiling /_not-found ...
 ✓ Compiled /_not-found in 1158ms (1945 modules)
 GET /beat-word-font/BeatWordDemo-nRL20.ttf 404 in 1475ms
 GET / 200 in 318ms
 GET /beat-word-font/BeatWordDemo-nRL20.ttf 404 in 31ms
 POST /api/chat 404 in 26ms
 ✓ Compiled in 642ms (1945 modules)
 ○ Compiling /communities ...
 ✓ Compiled /communities in 879ms (1999 modules)
 GET /communities 200 in 1190ms
 GET / 200 in 28ms
 GET /communities 200 in 84ms
 GET / 200 in 17ms
 GET /beat-word-font/BeatWordDemo-nRL20.ttf 404 in 36ms
 GET / 200 in 51ms
 GET / 200 in 35ms
 GET / 200 in 37ms
 GET / 200 in 38ms
 GET / 200 in 38ms
 GET /?x_request_source=preview 200 in 35ms
 GET /beat-word-font/BeatWordDemo-nRL20.ttf 404 in 28ms
 ⚠ Cross origin request detected from bugdashboard.preview.emergentagent.com to /_next/* resource. In a future major version of Next.js, you will need to explicitly configure "allowedDevOrigins" in next.config to allow this.
Read more: https://nextjs.org/docs/app/api-reference/config/next-config-js/allowedDevOrigins
 ○ Compiling /signup ...
 ✓ Compiled /signup in 1055ms (1992 modules)
 GET /signup 200 in 1147ms
 ○ Compiling /login ...
 ✓ Compiled /login in 1590ms (2026 modules)
 GET /login 200 in 1683ms
 ○ Compiling /feed ...
 ✓ Compiled /feed in 1331ms (2146 modules)
 GET /feed 200 in 1395ms
 GET /feed 200 in 24ms
 GET / 200 in 299ms
 GET /beat-word-font/BeatWordDemo-nRL20.ttf 404 in 40ms
 GET /login 200 in 29ms
 GET /feed 200 in 19ms
 GET /feed 200 in 21ms
   Reload env: .env
 ✓ Compiled in 965ms (2141 modules)
 GET /feed 200 in 95ms
 ✓ Compiled in 1114ms (958 modules)
 GET /feed 200 in 31ms
 ✓ Compiled in 282ms (958 modules)
 GET /feed 200 in 21ms
 GET / 200 in 336ms
 ○ Compiling /_not-found ...
 ✓ Compiled /_not-found in 822ms (2146 modules)
 GET / 200 in 72ms
 GET / 200 in 46ms
 GET / 200 in 39ms
 GET / 200 in 39ms
 GET / 200 in 38ms
 GET /?x_request_source=preview 200 in 36ms
 GET / 200 in 164ms
 GET /beat-word-font/BeatWordDemo-nRL20.ttf 404 in 166ms
 GET /beat-word-font/BeatWordDemo-nRL20.ttf 404 in 31ms
 GET /signup 200 in 31ms
 GET /feed 200 in 29ms
 GET /?x_request_source=preview 200 in 39ms
 GET /beat-word-font/BeatWordDemo-nRL20.ttf 404 in 33ms
